[
    {
        "column": 23,
        "filename": "f_option/input_files/app.go",
        "line": 3,
        "offset": 35,
        "value": "{{.Title \"NAME:\"}}\n   {{.Name}} - {{.Usage}}\n\n{{.Title \"USAGE:\"}}\n   [environment variables] {{.Name}} [global options] command [arguments...] [command options]\n\n{{.Title \"VERSION:\"}}\n   {{.Version}}\n\n{{.Title \"BUILD TIME:\"}}\n   {{.Compiled}}\n   {{range .Commands}}\n{{.SubTitle .Name}}{{range .CommandSubGroups}}\n{{range .}}   {{.Name}} {{.Description}}\n{{end}}{{end}}{{end}}\n{{.Title \"ENVIRONMENT VARIABLES\"}}\n   CF_COLOR=false                     Do not colorize output\n   CF_HOME=path/to/dir/               Override path to default config directory\n   CF_STAGING_TIMEOUT=15              Max wait time for buildpack staging, in minutes\n   CF_STARTUP_TIMEOUT=5               Max wait time for app instance startup, in minutes\n   CF_TRACE=true                      Print API request diagnostics to stdout\n   CF_TRACE=path/to/trace.log         Append API request diagnostics to a log file\n   HTTP_PROXY=proxy.example.com:8080  Enable HTTP proxying for API requests\n\n{{.Title \"GLOBAL OPTIONS\"}}\n   --version, -v                      Print the version\n   --help, -h                         Show help\n"
    },
    {
        "column": 16,
        "filename": "f_option/input_files/app.go",
        "line": 35,
        "offset": 1312,
        "value": "h"
    },
    {
        "column": 16,
        "filename": "f_option/input_files/app.go",
        "line": 36,
        "offset": 1332,
        "value": "Show help"
    },
    {
        "column": 22,
        "filename": "f_option/input_files/app.go",
        "line": 50,
        "offset": 1673,
        "value": "\n%s\n%s\n\n"
    },
    {
        "column": 36,
        "filename": "f_option/input_files/app.go",
        "line": 57,
        "offset": 1873,
        "value": "Jan 2, 2006 3:04PM"
    },
    {
        "column": 16,
        "filename": "f_option/input_files/app.go",
        "line": 34,
        "offset": 1289,
        "value": "help"
    },
    {
        "column": 28,
        "filename": "f_option/input_files/app.go",
        "line": 37,
        "offset": 1372,
        "value": "%s help [COMMAND]"
    },
    {
        "column": 59,
        "filename": "f_option/input_files/app.go",
        "line": 50,
        "offset": 1710,
        "value": "VERSION:"
    },
    {
        "column": 48,
        "filename": "f_option/input_files/app.go",
        "line": 79,
        "offset": 2455,
        "value": "CF_NAME"
    }
]
