[
   {
      "id": "a string",
      "translation": "a string",
      "modified": false
   },
   {
      "id": "show the app details",
      "translation": "show the app details",
      "modified": false
   }
]