[{"filename":"d_option/input_files/org/create_org.go","value":"create-org","offset":793,"line":29,"column":16},{"filename":"d_option/input_files/org/create_org.go","value":"co","offset":822,"line":30,"column":16},{"filename":"d_option/input_files/org/create_org.go","value":"Incorrect Usage","offset":1093,"line":38,"column":20},{"filename":"d_option/input_files/org/create_org.go","value":"Creating org %s as %s...","offset":1323,"line":52,"column":13},{"filename":"d_option/input_files/org/create_org.go","value":"Org %s already exists","offset":1610,"line":60,"column":16},{"filename":"d_option/input_files/org/create_org.go","value":"\nTIP: Use '%s' to target new org","offset":1725,"line":68,"column":13},{"filename":"d_option/input_files/org/create_org.go","value":"Create an org","offset":843,"line":31,"column":16},{"filename":"d_option/input_files/org/create_org.go","value":"CF_NAME create-org ORG","offset":875,"line":32,"column":16},{"filename":"d_option/input_files/org/create_org.go","value":" target -o ","offset":1794,"line":68,"column":82}]
