[{"filename":"d_option/input_files/quota/create_quota.go","value":"Define a new resource quota","offset":933,"line":33,"column":16},{"filename":"d_option/input_files/quota/create_quota.go","value":"Total amount of memory (e.g. 1024M, 1G, 10G)","offset":1141,"line":36,"column":36},{"filename":"d_option/input_files/quota/create_quota.go","value":"Total number of routes","offset":1222,"line":37,"column":33},{"filename":"d_option/input_files/quota/create_quota.go","value":"s","offset":2385,"line":80,"column":37},{"filename":"d_option/input_files/quota/create_quota.go","value":"Invalid memory limit: %s\n%s","offset":2162,"line":69,"column":18},{"filename":"d_option/input_files/quota/create_quota.go","value":"Quota Definition %s already exists","offset":2644,"line":92,"column":15},{"filename":"d_option/input_files/quota/create_quota.go","value":"CF_NAME create-quota QUOTA [-m MEMORY] [-r ROUTES] [-s SERVICE_INSTANCES] [--allow-paid-service-plans]","offset":979,"line":34,"column":16},{"filename":"d_option/input_files/quota/create_quota.go","value":"Creating quota %s as %s...","offset":1844,"line":57,"column":13},{"filename":"d_option/input_files/quota/create_quota.go","value":"create-quota","offset":1641,"line":46,"column":33},{"filename":"d_option/input_files/quota/create_quota.go","value":"m","offset":2039,"line":65,"column":32},{"filename":"d_option/input_files/quota/create_quota.go","value":"r","offset":2315,"line":76,"column":35},{"filename":"d_option/input_files/quota/create_quota.go","value":"Total number of service instances","offset":1281,"line":38,"column":33},{"filename":"d_option/input_files/quota/create_quota.go","value":"allow-paid-service-plans","offset":2412,"line":83,"column":19},{"filename":"d_option/input_files/quota/create_quota.go","value":"Can provision instances of paid service plans","offset":1376,"line":39,"column":58}]
