[{"filename":"/Users/pivotal/go/src/github.com/maximilien/i18n4cf/integration/extract_strings/d_option/input_files/quota/delete_quota.go","value":"Delete a quota","offset":863,"line":31,"column":16},{"filename":"/Users/pivotal/go/src/github.com/maximilien/i18n4cf/integration/extract_strings/d_option/input_files/quota/delete_quota.go","value":"CF_NAME delete-quota QUOTA [-f]","offset":896,"line":32,"column":16},{"filename":"/Users/pivotal/go/src/github.com/maximilien/i18n4cf/integration/extract_strings/d_option/input_files/quota/delete_quota.go","value":"Incorrect Usage","offset":1226,"line":41,"column":20},{"filename":"/Users/pivotal/go/src/github.com/maximilien/i18n4cf/integration/extract_strings/d_option/input_files/quota/delete_quota.go","value":"Deleting quota %s as %s...","offset":1589,"line":62,"column":13},{"filename":"/Users/pivotal/go/src/github.com/maximilien/i18n4cf/integration/extract_strings/d_option/input_files/quota/delete_quota.go","value":"delete-quota","offset":1271,"line":42,"column":27},{"filename":"/Users/pivotal/go/src/github.com/maximilien/i18n4cf/integration/extract_strings/d_option/input_files/quota/delete_quota.go","value":"f","offset":1480,"line":55,"column":13},{"filename":"/Users/pivotal/go/src/github.com/maximilien/i18n4cf/integration/extract_strings/d_option/input_files/quota/delete_quota.go","value":"Force deletion without confirmation","offset":986,"line":34,"column":35},{"filename":"/Users/pivotal/go/src/github.com/maximilien/i18n4cf/integration/extract_strings/d_option/input_files/quota/delete_quota.go","value":"quota","offset":1522,"line":56,"column":36},{"filename":"/Users/pivotal/go/src/github.com/maximilien/i18n4cf/integration/extract_strings/d_option/input_files/quota/delete_quota.go","value":"Quota %s does not exist","offset":1879,"line":73,"column":15}]