[{"filename":"d_option/input_files/org/delete_org.go","value":"delete-org","offset":878,"line":31,"column":16},{"filename":"d_option/input_files/org/delete_org.go","value":"f","offset":1491,"line":54,"column":13},{"filename":"d_option/input_files/org/delete_org.go","value":"Deleting org %s as %s...","offset":1589,"line":60,"column":13},{"filename":"d_option/input_files/org/delete_org.go","value":"Delete an org","offset":907,"line":32,"column":16},{"filename":"d_option/input_files/org/delete_org.go","value":"CF_NAME delete-org ORG [-f]","offset":939,"line":33,"column":16},{"filename":"d_option/input_files/org/delete_org.go","value":"Force deletion without confirmation","offset":1025,"line":35,"column":35},{"filename":"d_option/input_files/org/delete_org.go","value":"Incorrect Usage","offset":1263,"line":42,"column":20},{"filename":"d_option/input_files/org/delete_org.go","value":"org","offset":1541,"line":55,"column":44},{"filename":"d_option/input_files/org/delete_org.go","value":"Org %s does not exist.","offset":1855,"line":71,"column":15}]
