[{"filename":"d_option/input_files/quota/quotas.go","value":"List available usage quotas","offset":815,"line":31,"column":16},{"filename":"d_option/input_files/quota/quotas.go","value":"CF_NAME quotas","offset":861,"line":32,"column":16},{"filename":"d_option/input_files/quota/quotas.go","value":"name","offset":1441,"line":55,"column":46},{"filename":"d_option/input_files/quota/quotas.go","value":"routes","offset":1465,"line":55,"column":70},{"filename":"d_option/input_files/quota/quotas.go","value":"service instances","offset":1475,"line":55,"column":80},{"filename":"d_option/input_files/quota/quotas.go","value":"paid service plans","offset":1496,"line":55,"column":101},{"filename":"d_option/input_files/quota/quotas.go","value":"quotas","offset":790,"line":30,"column":16},{"filename":"d_option/input_files/quota/quotas.go","value":"Getting quotas as %s...","offset":1181,"line":44,"column":13},{"filename":"d_option/input_files/quota/quotas.go","value":"memory limit","offset":1449,"line":55,"column":54},{"filename":"d_option/input_files/quota/quotas.go","value":"%d","offset":1710,"line":62,"column":16}]
