[{"id":"quota","translation":"quota"},{"id":"Show quota info","translation":"Show quota info"},{"id":"quotas","translation":"quotas"},{"id":"Routes","translation":"Routes"},{"id":"%d","translation":"%d"},{"id":"Paid service plans","translation":"Paid service plans"},{"id":"CF_NAME quota QUOTA","translation":"CF_NAME quota QUOTA"},{"id":"Getting quota %s info as %s...","translation":"Getting quota %s info as %s..."},{"id":"Memory","translation":"Memory"},{"id":"Services","translation":"Services"}]