[{"filename":"/Users/pivotal/go/src/github.com/maximilien/i18n4cf/integration/extract_strings/d_option/input_files/quota/quota.go","value":"quota","offset":773,"line":30,"column":16},{"filename":"/Users/pivotal/go/src/github.com/maximilien/i18n4cf/integration/extract_strings/d_option/input_files/quota/quota.go","value":"Show quota info","offset":835,"line":32,"column":16},{"filename":"/Users/pivotal/go/src/github.com/maximilien/i18n4cf/integration/extract_strings/d_option/input_files/quota/quota.go","value":"quotas","offset":1063,"line":38,"column":33},{"filename":"/Users/pivotal/go/src/github.com/maximilien/i18n4cf/integration/extract_strings/d_option/input_files/quota/quota.go","value":"Routes","offset":1614,"line":59,"column":21},{"filename":"/Users/pivotal/go/src/github.com/maximilien/i18n4cf/integration/extract_strings/d_option/input_files/quota/quota.go","value":"%d","offset":1707,"line":60,"column":45},{"filename":"/Users/pivotal/go/src/github.com/maximilien/i18n4cf/integration/extract_strings/d_option/input_files/quota/quota.go","value":"Paid service plans","offset":1756,"line":61,"column":21},{"filename":"/Users/pivotal/go/src/github.com/maximilien/i18n4cf/integration/extract_strings/d_option/input_files/quota/quota.go","value":"CF_NAME quota QUOTA","offset":797,"line":31,"column":16},{"filename":"/Users/pivotal/go/src/github.com/maximilien/i18n4cf/integration/extract_strings/d_option/input_files/quota/quota.go","value":"Getting quota %s info as %s...","offset":1263,"line":48,"column":13},{"filename":"/Users/pivotal/go/src/github.com/maximilien/i18n4cf/integration/extract_strings/d_option/input_files/quota/quota.go","value":"Memory","offset":1521,"line":58,"column":21},{"filename":"/Users/pivotal/go/src/github.com/maximilien/i18n4cf/integration/extract_strings/d_option/input_files/quota/quota.go","value":"Services","offset":1683,"line":60,"column":21}]