[{"id":"quotas","translation":"quotas"},{"id":"List available usage quotas","translation":"List available usage quotas"},{"id":"Getting quotas as %s...","translation":"Getting quotas as %s..."},{"id":"memory limit","translation":"memory limit"},{"id":"routes","translation":"routes"},{"id":"service instances","translation":"service instances"},{"id":"%d","translation":"%d"},{"id":"CF_NAME quotas","translation":"CF_NAME quotas"},{"id":"name","translation":"name"},{"id":"paid service plans","translation":"paid service plans"}]