[{"filename":"d_option/input_files/org/rename_org.go","value":"rename-org","offset":806,"line":30,"column":16},{"filename":"d_option/input_files/org/rename_org.go","value":"Rename an org","offset":835,"line":31,"column":16},{"filename":"d_option/input_files/org/rename_org.go","value":"CF_NAME rename-org ORG NEW_ORG","offset":867,"line":32,"column":16},{"filename":"d_option/input_files/org/rename_org.go","value":"Incorrect Usage","offset":1094,"line":38,"column":20},{"filename":"d_option/input_files/org/rename_org.go","value":"Renaming org %s to %s as %s...","offset":1452,"line":54,"column":13}]
