[{"filename":"/Users/pivotal/go/src/github.com/maximilien/i18n4cf/integration/extract_strings/d_option/input_files/org/set_quota.go","value":"set-quota","offset":793,"line":30,"column":16},{"filename":"/Users/pivotal/go/src/github.com/maximilien/i18n4cf/integration/extract_strings/d_option/input_files/org/set_quota.go","value":"Assign a quota to an org","offset":821,"line":31,"column":16},{"filename":"/Users/pivotal/go/src/github.com/maximilien/i18n4cf/integration/extract_strings/d_option/input_files/org/set_quota.go","value":"CF_NAME set-quota ORG QUOTA\n\n","offset":858,"line":32,"column":10},{"filename":"/Users/pivotal/go/src/github.com/maximilien/i18n4cf/integration/extract_strings/d_option/input_files/org/set_quota.go","value":"TIP:\n","offset":897,"line":33,"column":4},{"filename":"/Users/pivotal/go/src/github.com/maximilien/i18n4cf/integration/extract_strings/d_option/input_files/org/set_quota.go","value":"   View allowable quotas with 'CF_NAME quotas'","offset":911,"line":34,"column":4},{"filename":"/Users/pivotal/go/src/github.com/maximilien/i18n4cf/integration/extract_strings/d_option/input_files/org/set_quota.go","value":"Incorrect Usage","offset":1153,"line":40,"column":20},{"filename":"/Users/pivotal/go/src/github.com/maximilien/i18n4cf/integration/extract_strings/d_option/input_files/org/set_quota.go","value":"Setting quota %s to org %s as %s...","offset":1633,"line":64,"column":13}]