[
   {
      "id": "Hello modify string command",
      "translation": "Hello modify string"
   }
]